// Jest Snapshot v1, https://goo.gl/fbAQLP

exports[`<ColorSelector> test Snapshot should render correctly 1`] = `
Array [
  <h1>
    Colors
  </h1>,
  <button
    className="btn btn--red selected"
    onClick={[Function]}
  />,
  <button
    className="btn btn--yellow"
    onClick={[Function]}
  />,
  <button
    className="btn btn--green"
    onClick={[Function]}
  />,
]
`;
